// Jest Snapshot v1, https://goo.gl/fbAQLP

exports[`should correctly render EditExpensePage component 1`] = `
<Fragment>
  <ExpenseForm
    expense={
      Object {
        "amount": 1095,
        "createdAt": 0,
        "description": "Gum",
        "id": "1",
        "note": "",
      }
    }
    onSubmit={[Function]}
  />
  <button
    onClick={[Function]}
  >
    Remove
  </button>
</Fragment>
`;
