// Jest Snapshot v1, https://goo.gl/fbAQLP

exports[`should render ExpenseList with empty message 1`] = `
<Fragment>
  <h1>
    Expense List
  </h1>
  <p>
    Sorry No Expenses works
  </p>
</Fragment>
`;

exports[`should render ExpenseList with given expenses 1`] = `
<Fragment>
  <h1>
    Expense List
  </h1>
  <ExpenseListItem
    amount={195}
    createdAt={0}
    description="Gum"
    id="1"
    key="1"
    note=""
  />
  <ExpenseListItem
    amount={1000}
    createdAt={-345600000}
    description="Rent"
    id="2"
    key="2"
    note=""
  />
  <ExpenseListItem
    amount={450}
    createdAt={345600000}
    description="Credit Card"
    id="3"
    key="3"
    note=""
  />
</Fragment>
`;
