// Jest Snapshot v1, https://goo.gl/fbAQLP

exports[`should render Header correctly 1`] = `
<Fragment>
  <header
    className="header"
  >
    <div
      className="container header__container"
    >
      <Link
        className="header__link"
        replace={false}
        to="/dashboard"
      >
        <h1
          className="header__title"
        >
          Expensify
        </h1>
      </Link>
      <button
        className="button button__logout"
      >
        Logout
      </button>
    </div>
  </header>
  <div
    className="container"
  >
    <Link
      className="button button__add-expense"
      replace={false}
      to="/create"
    >
      Add Expense
    </Link>
  </div>
</Fragment>
`;
